---
pid: 13144
cwd: |
  C:\Users\User\.cursor\Projects\poker-gto-trainer
active_command: npm start
last_command: npm run build
last_exit_code: 0
---

▲ Next.js 16.1.1 (Turbopack)
- Local:         http://localhost:3000
- Network:       http://192.168.1.22:3000
- Environments: .env.local

✓ Starting...
✓ Ready in 2000ms
 GET / 200 in 1054ms (compile: 266ms, proxy.ts: 525ms, render: 262ms)
 POST / 200 in 49ms (compile: 5ms, proxy.ts: 27ms, render: 17ms)
 GET /game 200 in 105ms (compile: 53ms, proxy.ts: 30ms, render: 22ms)
 GET / 200 in 1016ms (compile: 12ms, proxy.ts: 946ms, render: 57ms)
 POST / 200 in 33ms (compile: 8ms, proxy.ts: 16ms, render: 9ms)
 GET /game 200 in 214ms (compile: 160ms, proxy.ts: 23ms, render: 31ms)
✓ Compiled in 96ms
✓ Compiled in 134ms
✓ Compiled in 66ms
✓ Compiled in 64ms
✓ Compiled in 129ms
⚠ Fast Refresh had to perform a full reload due to a runtime error.
✓ Compiled in 114ms
⨯ Error: aborted
    at ignore-listed frames {
  code: 'ECONNRESET'
}
 GET /game 200 in 631ms (compile: 204ms, proxy.ts: 22ms, render: 405ms)
 POST /game 200 in 54ms (compile: 8ms, proxy.ts: 29ms, render: 17ms)
✓ Compiled in 105ms
✓ Compiled in 178ms
✓ Compiled in 137ms
✓ Compiled in 97ms
✓ Compiled in 183ms
✓ Compiled in 80ms
✓ Compiled in 65ms
✓ Compiled in 77ms
✓ Compiled in 76ms
✓ Compiled in 80ms
PS C:\Users\User\.cursor\Projects\poker-gto-trainer> np
                                                     ^C      
PS C:\Users\User\.cursor\Projects\poker-gto-trainer> npm run dev

> poker-gto-trainer@0.1.0 dev
> cross-env NEXT_TELEMETRY_DISABLED=1 next dev

▲ Next.js 16.1.1 (Turbopack)
- Local:         http://localhost:3000
- Network:       http://192.168.1.22:3000
- Environments: .env.local

✓ Starting...
✓ Ready in 1592ms
 GET / 200 in 1736ms (compile: 302ms, proxy.ts: 1134ms, render: 301ms)
 POST / 200 in 39ms (compile: 5ms, proxy.ts: 18ms, render: 15ms)
 GET /game 200 in 94ms (compile: 49ms, proxy.ts: 25ms, render: 20ms)
 GET / 200 in 957ms (compile: 6ms, proxy.ts: 886ms, render: 65ms)
 POST / 200 in 32ms (compile: 5ms, proxy.ts: 17ms, render: 10ms)
 GET /game 200 in 51ms (compile: 5ms, proxy.ts: 19ms, render: 27ms)
PS C:\Users\User\.cursor\Projects\poker-gto-trainer> 
                                                     npm run de 
npm error Missing script: "de"
npm error
npm error To see a list of scripts, run:
npm error   npm run
npm error A complete log of this run can be found in: C:\Users\User\AppData\Local\npm-cache\_logs\2025-12-31T02_49_10_156Z-debug-0.log
PS C:\Users\User\.cursor\Projects\poker-gto-trainer> npm run dev

> poker-gto-trainer@0.1.0 dev
> cross-env NEXT_TELEMETRY_DISABLED=1 next dev

▲ Next.js 16.1.1 (Turbopack)
- Local:         http://localhost:3000
- Network:       http://192.168.1.22:3000
- Environments: .env.local

✓ Starting...
✓ Ready in 1470ms
 GET / 200 in 1634ms (compile: 296ms, proxy.ts: 1067ms, render: 272ms)
 POST / 200 in 43ms (compile: 7ms, proxy.ts: 21ms, render: 16ms)
 GET /game 200 in 203ms (compile: 153ms, proxy.ts: 18ms, render: 31ms)
✓ Compiled in 589ms
✓ Compiled in 72ms
✓ Compiled in 82ms
 GET / 200 in 810ms (compile: 9ms, proxy.ts: 681ms, render: 120ms)
 POST / 200 in 49ms (compile: 8ms, proxy.ts: 22ms, render: 19ms)
 GET /game 200 in 235ms (compile: 173ms, proxy.ts: 17ms, render: 44ms)
 GET / 200 in 667ms (compile: 6ms, proxy.ts: 587ms, render: 74ms)
 POST / 200 in 40ms (compile: 6ms, proxy.ts: 21ms, render: 12ms)
 GET /game 200 in 176ms (compile: 125ms, proxy.ts: 26ms, render: 24ms)
✓ Compiled in 158ms
✓ Compiled in 197ms
✓ Compiled in 113ms
⚠ Fast Refresh had to perform a full reload due to a runtime error.
 GET /game 200 in 670ms (compile: 169ms, proxy.ts: 15ms, render: 486ms)
 POST /game 200 in 42ms (compile: 6ms, proxy.ts: 19ms, render: 17ms)
 GET / 200 in 993ms (compile: 5ms, proxy.ts: 904ms, render: 84ms)
 POST / 200 in 32ms (compile: 9ms, proxy.ts: 15ms, render: 9ms)
 GET /game 200 in 38ms (compile: 11ms, proxy.ts: 9ms, render: 19ms)

 *  History restored 

PS C:\Users\User\.cursor\Projects> cd poker-gto-trainer
PS C:\Users\User\.cursor\Projects\poker-gto-trainer> npm run dev

> poker-gto-trainer@0.1.0 dev
> cross-env NEXT_TELEMETRY_DISABLED=1 next dev

▲ Next.js 16.1.1 (Turbopack)
- Local:         http://localhost:3000
- Network:       http://192.168.1.22:3000
- Environments: .env.local

✓ Starting...
✓ Ready in 1472ms
 GET / 200 in 2.1s (compile: 712ms, proxy.ts: 1124ms, render: 273ms)
 POST / 200 in 64ms (compile: 10ms, proxy.ts: 33ms, render: 21ms)
 GET /game 200 in 143ms (compile: 96ms, proxy.ts: 10ms, render: 37ms)
 GET /analytics 200 in 83ms (compile: 48ms, proxy.ts: 14ms, render: 21ms)
 GET /ranges 200 in 98ms (compile: 57ms, proxy.ts: 13ms, render: 27ms)
 GET /simulator 200 in 95ms (compile: 53ms, proxy.ts: 20ms, render: 22ms)
 GET /dataset 200 in 93ms (compile: 56ms, proxy.ts: 14ms, render: 23ms)
 GET /game 200 in 63ms (compile: 28ms, proxy.ts: 14ms, render: 21ms)
✓ Compiled in 108ms
✓ Compiled in 81ms
✓ Compiled in 80ms
✓ Compiled in 72ms
✓ Compiled in 71ms
✓ Compiled in 80ms
✓ Compiled in 84ms
✓ Compiled in 77ms
 GET / 200 in 212ms (compile: 9ms, proxy.ts: 28ms, render: 175ms)
 POST / 200 in 34ms (compile: 5ms, proxy.ts: 20ms, render: 9ms)
 GET /game 200 in 134ms (compile: 98ms, proxy.ts: 10ms, render: 27ms)
 GET / 200 in 119ms (compile: 10ms, proxy.ts: 22ms, render: 87ms)
 POST / 200 in 27ms (compile: 6ms, proxy.ts: 12ms, render: 9ms)
 GET /game 200 in 146ms (compile: 113ms, proxy.ts: 10ms, render: 23ms)
✓ Compiled in 70ms
✓ Compiled in 66ms
✓ Compiled in 106ms
✓ Compiled in 95ms
✓ Compiled in 68ms
✓ Compiled in 116ms
✓ Compiled in 111ms
⚠ Fast Refresh had to perform a full reload due to a runtime error.
✓ Compiled in 99ms
 POST /game 200 in 618ms (compile: 162ms, proxy.ts: 426ms, render: 30ms)
 GET /game 200 in 1214ms (compile: 27ms, proxy.ts: 725ms, render: 462ms)
 POST /game 200 in 36ms (compile: 6ms, proxy.ts: 18ms, render: 12ms)
✓ Compiled in 271ms
✓ Compiled in 76ms
✓ Compiled in 66ms
✓ Compiled in 85ms
✓ Compiled in 64ms
✓ Compiled in 65ms
✓ Compiled in 70ms
✓ Compiled in 91ms
✓ Compiled in 63ms
✓ Compiled in 95ms
 GET / 200 in 133ms (compile: 15ms, proxy.ts: 20ms, render: 98ms)
 POST / 200 in 31ms (compile: 6ms, proxy.ts: 14ms, render: 11ms)
 GET /game 200 in 216ms (compile: 173ms, proxy.ts: 19ms, render: 24ms)
Error: Both middleware file "./middleware.ts" and proxy file "./proxy.ts" are detected. Please use "./proxy.ts" only. Learn more: https://nextjs.org/docs/messages/middleware-to-proxy
    at ignore-listed frames
⨯ unhandledRejection: Error: Both middleware file "./middleware.ts" and proxy file "./proxy.ts" are detected. Please use "./proxy.ts" only. Learn more: https://nextjs.org/docs/messages/middleware-to-proxy
    at ignore-listed frames
⨯ unhandledRejection:  Error: Both middleware file "./middleware.ts" and proxy file "./proxy.ts" are detected. Please use "./proxy.ts" only. Learn more: https://nextjs.org/docs/messages/middleware-to-proxy
    at ignore-listed frames
Error: Both middleware file "./middleware.ts" and proxy file "./proxy.ts" are detected. Please use "./proxy.ts" only. Learn more: https://nextjs.org/docs/messages/middleware-to-proxy
    at ignore-listed frames
⨯ unhandledRejection: Error: Both middleware file "./middleware.ts" and proxy file "./proxy.ts" are detected. Please use "./proxy.ts" only. Learn more: https://nextjs.org/docs/messages/middleware-to-proxy
    at ignore-listed frames
⨯ unhandledRejection:  Error: Both middleware file "./middleware.ts" and proxy file "./proxy.ts" are detected. Please use "./proxy.ts" only. Learn more: https://nextjs.org/docs/messages/middleware-to-proxy
    at ignore-listed frames
✓ Compiled in 686ms
⨯ [Error: The Middleware file "/middleware" must export a function named `middleware` or a default function.]
 GET /game 404 in 960ms (compile: -368937µs, proxy.ts: 954ms, render: 376ms)
⨯ [Error: The Middleware file "/middleware" must export a function named `middleware` or a default function.]
⨯ [Error: The Middleware file "/middleware" must export a function named `middleware` or a default function.]
⨯ Error: Clerk: auth() was called but Clerk can't detect usage of clerkMiddleware(). Please ensure the following:
- Your Middleware exists at ./middleware.(ts|js)
- clerkMiddleware() is used in your Next.js Middleware.
- Your Middleware matcher is configured to match this route or page.
- If you are using the src directory, make sure the Middleware file is inside of it.

For more details, see https://clerk.com/err/auth-middleware

    at ignore-listed frames {
  digest: '4176768764'
}
⨯ Error: Clerk: auth() was called but Clerk can't detect usage of clerkMiddleware(). Please ensure the following:
- Your Middleware exists at ./middleware.(ts|js)
- clerkMiddleware() is used in your Next.js Middleware.
- Your Middleware matcher is configured to match this route or page.
- If you are using the src directory, make sure the Middleware file is inside of it.

For more details, see https://clerk.com/err/auth-middleware

    at ignore-listed frames {
  digest: '3006865939'
}
 GET /game 404 in 516ms (compile: -23493µs, proxy.ts: 482ms, render: 58ms)
 GET /game 404 in 515ms (compile: -16757µs, proxy.ts: 505ms, render: 27ms)
⨯ Error: Clerk: auth() was called but Clerk can't detect usage of clerkMiddleware(). Please ensure the following:
- Your Middleware exists at ./middleware.(ts|js)
- clerkMiddleware() is used in your Next.js Middleware.
- Your Middleware matcher is configured to match this route or page.
- If you are using the src directory, make sure the Middleware file is inside of it.

For more details, see https://clerk.com/err/auth-middleware

    at ignore-listed frames {
  digest: '3257106878'
}
⨯ Error: Clerk: auth() was called but Clerk can't detect usage of clerkMiddleware(). Please ensure the following:
- Your Middleware exists at ./middleware.(ts|js)
- clerkMiddleware() is used in your Next.js Middleware.
- Your Middleware matcher is configured to match this route or page.
- If you are using the src directory, make sure the Middleware file is inside of it.

For more details, see https://clerk.com/err/auth-middleware

    at ignore-listed frames {
  digest: '2006973041'
}
⨯ Error: Clerk: auth() was called but Clerk can't detect usage of clerkMiddleware(). Please ensure the following:
- Your Middleware exists at ./middleware.(ts|js)
- clerkMiddleware() is used in your Next.js Middleware.
- Your Middleware matcher is configured to match this route or page.
- If you are using the src directory, make sure the Middleware file is inside of it.

For more details, see https://clerk.com/err/auth-middleware

    at ignore-listed frames {
  digest: '1024605107'
}
⨯ Error: Clerk: auth() was called but Clerk can't detect usage of clerkMiddleware(). Please ensure the following:
- Your Middleware exists at ./middleware.(ts|js)
- clerkMiddleware() is used in your Next.js Middleware.
- Your Middleware matcher is configured to match this route or page.
- If you are using the src directory, make sure the Middleware file is inside of it.

For more details, see https://clerk.com/err/auth-middleware

    at ignore-listed frames {
  digest: '481339452'
}
⨯ [Error: The Middleware file "/middleware" must export a function named `middleware` or a default function.]
⨯ [Error: The Middleware file "/middleware" must export a function named `middleware` or a default function.]
⨯ [Error: The Middleware file "/middleware" must export a function named `middleware` or a default function.]
⨯ [Error: The Middleware file "/middleware" must export a function named `middleware` or a default function.]
 GET / 404 in 38ms (compile: -18019µs, proxy.ts: 31ms, render: 25ms)
⨯ Error: Clerk: auth() was called but Clerk can't detect usage of clerkMiddleware(). Please ensure the following:
- Your Middleware exists at ./middleware.(ts|js)
- clerkMiddleware() is used in your Next.js Middleware.
- Your Middleware matcher is configured to match this route or page.
- If you are using the src directory, make sure the Middleware file is inside of it.

For more details, see https://clerk.com/err/auth-middleware

    at ignore-listed frames {
  digest: '1024605107'
}
⨯ Error: Clerk: auth() was called but Clerk can't detect usage of clerkMiddleware(). Please ensure the following:
- Your Middleware exists at ./middleware.(ts|js)
- clerkMiddleware() is used in your Next.js Middleware.
- Your Middleware matcher is configured to match this route or page.
- If you are using the src directory, make sure the Middleware file is inside of it.

For more details, see https://clerk.com/err/auth-middleware

    at ignore-listed frames {
  digest: '481339452'
}
✓ Compiled in 146ms
 GET / 200 in 1077ms (compile: 13ms, proxy.ts: 815ms, render: 249ms)
 POST / 200 in 46ms (compile: 7ms, proxy.ts: 26ms, render: 14ms)
 GET /game 200 in 308ms (compile: 240ms, proxy.ts: 25ms, render: 43ms)
PS C:\Users\User\.cursor\Projects\poker-gto-trainer> 
                                                     npm run dev

> poker-gto-trainer@0.1.0 dev
> cross-env NEXT_TELEMETRY_DISABLED=1 next dev

▲ Next.js 16.1.1 (Turbopack)
- Local:         http://localhost:3000
- Network:       http://192.168.1.22:3000
- Environments: .env.local

✓ Starting...
✓ Ready in 2.2s
 GET / 200 in 2.1s (compile: 879ms, proxy.ts: 902ms, render: 343ms)
 POST / 200 in 50ms (compile: 9ms, proxy.ts: 19ms, render: 22ms)
 GET /game 200 in 232ms (compile: 169ms, proxy.ts: 22ms, render: 42ms)
PS C:\Users\User\.cursor\Projects\poker-gto-trainer> 
                                                     npm run build

> poker-gto-trainer@0.1.0 build
> cross-env NEXT_TELEMETRY_DISABLED=1 next build

▲ Next.js 16.1.1 (Turbopack)
- Environments: .env.local

  Creating an optimized production build ...
✓ Compiled successfully in 4.1s
  Running TypeScript  ...Failed to compile.

./components/action-buttons-with-frequencies.tsx:51:9
Type error: Argument of type 'BettingAction | null' is not assignable to parameter of type '"raise" | "bet" | "check" | null'.
  Type '"call"' is not assignable to type '"raise" | "bet" | "check" | null'.

  49 |         pot,
  50 |         currentBet,
> 51 |         actionToFace,
     |         ^
  52 |         optimalActions as Action[],
  53 |         numPlayers
  54 |       )
Next.js build worker exited with code: 1 and signal: null
PS C:\Users\User\.cursor\Projects\poker-gto-trainer> npm run build

> poker-gto-trainer@0.1.0 build
> cross-env NEXT_TELEMETRY_DISABLED=1 next build

▲ Next.js 16.1.1 (Turbopack)
- Environments: .env.local

  Creating an optimized production build ...
✓ Compiled successfully in 3.9s
✓ Finished TypeScript in 5.8s
✓ Collecting page data using 7 workers in 1313.4ms
✓ Generating static pages using 7 workers (14/14) in 420.4ms
✓ Finalizing page optimization in 9.8ms

Route (app)
┌ ƒ /
├ ƒ /_not-found
├ ƒ /analytics
├ ƒ /api/hands/deal
├ ƒ /api/hands/save
├ ƒ /api/sessions/create
├ ƒ /api/sessions/list
├ ƒ /api/sync-user
├ ƒ /dataset
├ ƒ /game
├ ƒ /ranges
├ ƒ /sign-in/[[...sign-in]]
├ ƒ /sign-up/[[...sign-up]]
└ ƒ /simulator


ƒ Proxy (Middleware)

ƒ  (Dynamic)  server-rendered on demand

PS C:\Users\User\.cursor\Projects\poker-gto-trainer> npm start

> poker-gto-trainer@0.1.0 start
> next start

▲ Next.js 16.1.1
- Local:         http://localhost:3000
- Network:       http://192.168.1.22:3000

✓ Starting...
✓ Ready in 1135ms