---
pid: 6796
cwd: |
  C:\Users\User\.cursor\Projects\poker-gto-trainer
active_command: npm run dev
last_command: npm run de
last_exit_code: 1
---
PS C:\Users\User\.cursor\Projects> cd poker-gto-trainer
PS C:\Users\User\.cursor\Projects\poker-gto-trainer> npm run dev

> poker-gto-trainer@0.1.0 dev
> cross-env NEXT_TELEMETRY_DISABLED=1 next dev

▲ Next.js 16.1.1 (Turbopack)
- Local:         http://localhost:3000
- Network:       http://192.168.1.22:3000
- Environments: .env.local

✓ Starting...
✓ Ready in 2.4s
PS C:\Users\User\.cursor\Projects\poker-gto-trainer> 
                                                     npm run dev

> poker-gto-trainer@0.1.0 dev
> cross-env NEXT_TELEMETRY_DISABLED=1 next dev

▲ Next.js 16.1.1 (Turbopack)
- Local:         http://localhost:3000
- Network:       http://192.168.1.22:3000
- Environments: .env.local

✓ Starting...
✓ Ready in 1397ms
 GET / 200 in 2.4s (compile: 935ms, proxy.ts: 1230ms, render: 276ms)
 POST / 200 in 78ms (compile: 7ms, proxy.ts: 20ms, render: 51ms)
 GET /game 200 in 168ms (compile: 129ms, proxy.ts: 19ms, render: 20ms)
 GET /analytics 200 in 101ms (compile: 64ms, proxy.ts: 16ms, render: 22ms)
 GET /game 200 in 34ms (compile: 4ms, proxy.ts: 13ms, render: 16ms)
 GET /analytics 200 in 35ms (compile: 5ms, proxy.ts: 14ms, render: 16ms)
 GET /ranges 200 in 99ms (compile: 57ms, proxy.ts: 19ms, render: 23ms)
 GET /simulator 200 in 113ms (compile: 78ms, proxy.ts: 12ms, render: 24ms)
 GET /dataset 200 in 127ms (compile: 70ms, proxy.ts: 24ms, render: 32ms)
 GET /game 200 in 40ms (compile: 5ms, proxy.ts: 20ms, render: 16ms)
 GET /ranges 200 in 36ms (compile: 4ms, proxy.ts: 15ms, render: 17ms)
 GET /simulator 200 in 48ms (compile: 5ms, proxy.ts: 22ms, render: 21ms)
 GET /dataset 200 in 42ms (compile: 4ms, proxy.ts: 22ms, render: 16ms)
 GET /game 200 in 35ms (compile: 5ms, proxy.ts: 14ms, render: 16ms)
PS C:\Users\User\.cursor\Projects\poker-gto-trainer> 
                                                     npm run build

> poker-gto-trainer@0.1.0 build
> cross-env NEXT_TELEMETRY_DISABLED=1 next build

▲ Next.js 16.1.1 (Turbopack)
- Environments: .env.local

  Creating an optimized production build ...
✓ Compiled successfully in 4.5s
✓ Finished TypeScript in 6.3s
  Collecting page data using 7 workers  ...Error: Missing Supabase environment variables
    at instantiateModule (C:\Users\User\.cursor\Projects\poker-gto-trainer\.next\server\chunks\[turbopack]_runtime.js:740:9)
    at getOrInstantiateModuleFromParent (C:\Users\User\.cursor\Projects\poker-gto-trainer\.next\server\chunks\[turbopack]_runtime.js:763:12)
    at Context.esmImport [as i] (C:\Users\User\.cursor\Projects\poker-gto-trainer\.next\server\chunks\[turbopack]_runtime.js:228:20)
    at module evaluation (C:\Users\User\.cursor\Projects\poker-gto-trainer\.next\server\chunks\[root-of-the-server]__b1301175._.js:1:10533)
    at instantiateModule (C:\Users\User\.cursor\Projects\poker-gto-trainer\.next\server\chunks\[turbopack]_runtime.js:740:9)
    at instantiateRuntimeModule (C:\Users\User\.cursor\Projects\poker-gto-trainer\.next\server\chunks\[turbopack]_runtime.js:768:12)
    at getOrInstantiateRuntimeModule (C:\Users\User\.cursor\Projects\poker-gto-trainer\.next\server\chunks\[turbopack]_runtime.js:781:12)
    at Object.m (C:\Users\User\.cursor\Projects\poker-gto-trainer\.next\server\chunks\[turbopack]_runtime.js:790:18) 
    at Object.<anonymous> (C:\Users\User\.cursor\Projects\poker-gto-trainer\.next\server\app\api\sessions\list\route.js:8:3)

> Build error occurred
Error: Failed to collect page data for /api/sessions/list
    at ignore-listed frames {
  type: 'Error'
}
PS C:\Users\User\.cursor\Projects\poker-gto-trainer> ^C  
PS C:\Users\User\.cursor\Projects\poker-gto-trainer> npm run build

> poker-gto-trainer@0.1.0 build
> cross-env NEXT_TELEMETRY_DISABLED=1 next build

▲ Next.js 16.1.1 (Turbopack)
- Environments: .env.local

  Creating an optimized production build ...
✓ Compiled successfully in 4.0s
✓ Finished TypeScript in 5.3s
✓ Collecting page data using 7 workers in 1308.6ms
✓ Generating static pages using 7 workers (14/14) in 322.5ms
✓ Finalizing page optimization in 8.3ms

Route (app)
┌ ƒ /
├ ƒ /_not-found
├ ƒ /analytics
├ ƒ /api/hands/deal
├ ƒ /api/hands/save
├ ƒ /api/sessions/create
├ ƒ /api/sessions/list
├ ƒ /api/sync-user
├ ƒ /dataset
├ ƒ /game
├ ƒ /ranges
├ ƒ /sign-in/[[...sign-in]]
├ ƒ /sign-up/[[...sign-up]]
└ ƒ /simulator


ƒ Proxy (Middleware)

ƒ  (Dynamic)  server-rendered on demand

PS C:\Users\User\.cursor\Projects\poker-gto-trainer> npm start

> poker-gto-trainer@0.1.0 start
> next start

▲ Next.js 16.1.1
- Local:         http://localhost:3000
- Network:       http://192.168.1.22:3000

✓ Starting...
✓ Ready in 956ms
PS C:\Users\User\.cursor\Projects\poker-gto-trainer> npm start

> poker-gto-trainer@0.1.0 start
> next start

▲ Next.js 16.1.1
- Local:         http://localhost:3000
- Network:       http://192.168.1.22:3000

✓ Starting...
✓ Ready in 1062ms
PS C:\Users\User\.cursor\Projects\poker-gto-trainer> npm run dev

> poker-gto-trainer@0.1.0 dev
> cross-env NEXT_TELEMETRY_DISABLED=1 next dev

▲ Next.js 16.1.1 (Turbopack)
- Local:         http://localhost:3000
- Network:       http://192.168.1.22:3000
- Environments: .env.local

✓ Starting...
✓ Ready in 1401ms
 GET / 200 in 1965ms (compile: 773ms, proxy.ts: 908ms, render: 283ms)
 POST / 200 in 56ms (compile: 7ms, proxy.ts: 28ms, render: 22ms)
 GET /game 200 in 297ms (compile: 248ms, proxy.ts: 30ms, render: 19ms)
 GET /analytics 200 in 87ms (compile: 46ms, proxy.ts: 18ms, render: 23ms)
 GET /ranges 200 in 82ms (compile: 43ms, proxy.ts: 21ms, render: 19ms)
 GET /simulator 200 in 103ms (compile: 72ms, proxy.ts: 11ms, render: 20ms)
 GET /analytics 200 in 37ms (compile: 5ms, proxy.ts: 13ms, render: 18ms)
 GET /game 200 in 36ms (compile: 4ms, proxy.ts: 14ms, render: 18ms)
✓ Compiled in 84ms
✓ Compiled in 72ms
✓ Compiled in 77ms
✓ Compiled in 103ms
 GET / 200 in 1120ms (compile: 6ms, proxy.ts: 1054ms, render: 60ms)
 POST / 200 in 35ms (compile: 7ms, proxy.ts: 15ms, render: 13ms)
 GET /game 200 in 166ms (compile: 114ms, proxy.ts: 19ms, render: 33ms)
 GET / 200 in 1127ms (compile: 19ms, proxy.ts: 1032ms, render: 76ms)
 POST / 200 in 29ms (compile: 6ms, proxy.ts: 13ms, render: 10ms)
 GET /game 200 in 170ms (compile: 139ms, proxy.ts: 9ms, render: 22ms)
✓ Compiled in 84ms
✓ Compiled in 78ms
⚠ Fast Refresh had to perform a full reload due to a runtime error.
✓ Compiled in 95ms
 GET /game 200 in 630ms (compile: 231ms, proxy.ts: 19ms, render: 380ms)
 POST /game 200 in 39ms (compile: 11ms, proxy.ts: 15ms, render: 14ms)
✓ Compiled in 73ms
✓ Compiled in 85ms
✓ Compiled in 70ms
✓ Compiled in 66ms
✓ Compiled in 76ms
 GET /simulator 200 in 937ms (compile: 130ms, proxy.ts: 771ms, render: 36ms)
 GET /game 200 in 143ms (compile: 96ms, proxy.ts: 24ms, render: 24ms)
 GET /analytics 200 in 38ms (compile: 10ms, proxy.ts: 11ms, render: 17ms)
 GET /ranges 200 in 33ms (compile: 7ms, proxy.ts: 10ms, render: 16ms)
 GET /simulator 200 in 35ms (compile: 5ms, proxy.ts: 14ms, render: 16ms)
 GET /dataset 200 in 89ms (compile: 50ms, proxy.ts: 23ms, render: 17ms)
 GET /game 200 in 32ms (compile: 4ms, proxy.ts: 13ms, render: 15ms)
 GET /analytics 200 in 48ms (compile: 4ms, proxy.ts: 24ms, render: 20ms)
 GET /game 200 in 31ms (compile: 4ms, proxy.ts: 7ms, render: 20ms)
 GET /analytics 200 in 32ms (compile: 5ms, proxy.ts: 10ms, render: 17ms)
 GET /game 200 in 39ms (compile: 4ms, proxy.ts: 17ms, render: 17ms)
PS C:\Users\User\.cursor\Projects\poker-gto-trainer> 
                                                     npm run dev

> poker-gto-trainer@0.1.0 dev
> cross-env NEXT_TELEMETRY_DISABLED=1 next dev

▲ Next.js 16.1.1 (Turbopack)
- Local:         http://localhost:3000
- Network:       http://192.168.1.22:3000
- Environments: .env.local

✓ Starting...
✓ Ready in 2000ms
 GET / 200 in 1054ms (compile: 266ms, proxy.ts: 525ms, render: 262ms)
 POST / 200 in 49ms (compile: 5ms, proxy.ts: 27ms, render: 17ms)
 GET /game 200 in 105ms (compile: 53ms, proxy.ts: 30ms, render: 22ms)
 GET / 200 in 1016ms (compile: 12ms, proxy.ts: 946ms, render: 57ms)
 POST / 200 in 33ms (compile: 8ms, proxy.ts: 16ms, render: 9ms)
 GET /game 200 in 214ms (compile: 160ms, proxy.ts: 23ms, render: 31ms)
✓ Compiled in 96ms
✓ Compiled in 134ms
✓ Compiled in 66ms
✓ Compiled in 64ms
✓ Compiled in 129ms
⚠ Fast Refresh had to perform a full reload due to a runtime error.
✓ Compiled in 114ms
⨯ Error: aborted
    at ignore-listed frames {
  code: 'ECONNRESET'
}
 GET /game 200 in 631ms (compile: 204ms, proxy.ts: 22ms, render: 405ms)
 POST /game 200 in 54ms (compile: 8ms, proxy.ts: 29ms, render: 17ms)
✓ Compiled in 105ms
✓ Compiled in 178ms
✓ Compiled in 137ms
✓ Compiled in 97ms
✓ Compiled in 183ms
✓ Compiled in 80ms
✓ Compiled in 65ms
✓ Compiled in 77ms
✓ Compiled in 76ms
✓ Compiled in 80ms
PS C:\Users\User\.cursor\Projects\poker-gto-trainer> np
                                                     ^C      
PS C:\Users\User\.cursor\Projects\poker-gto-trainer> npm run dev

> poker-gto-trainer@0.1.0 dev
> cross-env NEXT_TELEMETRY_DISABLED=1 next dev

▲ Next.js 16.1.1 (Turbopack)
- Local:         http://localhost:3000
- Network:       http://192.168.1.22:3000
- Environments: .env.local

✓ Starting...
✓ Ready in 1592ms
 GET / 200 in 1736ms (compile: 302ms, proxy.ts: 1134ms, render: 301ms)
 POST / 200 in 39ms (compile: 5ms, proxy.ts: 18ms, render: 15ms)
 GET /game 200 in 94ms (compile: 49ms, proxy.ts: 25ms, render: 20ms)
 GET / 200 in 957ms (compile: 6ms, proxy.ts: 886ms, render: 65ms)
 POST / 200 in 32ms (compile: 5ms, proxy.ts: 17ms, render: 10ms)
 GET /game 200 in 51ms (compile: 5ms, proxy.ts: 19ms, render: 27ms)
PS C:\Users\User\.cursor\Projects\poker-gto-trainer> 
                                                     npm run de 
npm error Missing script: "de"
npm error
npm error To see a list of scripts, run:
npm error   npm run
npm error A complete log of this run can be found in: C:\Users\User\AppData\Local\npm-cache\_logs\2025-12-31T02_49_10_156Z-debug-0.log
PS C:\Users\User\.cursor\Projects\poker-gto-trainer> npm run dev

> poker-gto-trainer@0.1.0 dev
> cross-env NEXT_TELEMETRY_DISABLED=1 next dev

▲ Next.js 16.1.1 (Turbopack)
- Local:         http://localhost:3000
- Network:       http://192.168.1.22:3000
- Environments: .env.local

✓ Starting...
✓ Ready in 1470ms
 GET / 200 in 1634ms (compile: 296ms, proxy.ts: 1067ms, render: 272ms)
 POST / 200 in 43ms (compile: 7ms, proxy.ts: 21ms, render: 16ms)
 GET /game 200 in 203ms (compile: 153ms, proxy.ts: 18ms, render: 31ms)
✓ Compiled in 589ms
✓ Compiled in 72ms
✓ Compiled in 82ms
 GET / 200 in 810ms (compile: 9ms, proxy.ts: 681ms, render: 120ms)
 POST / 200 in 49ms (compile: 8ms, proxy.ts: 22ms, render: 19ms)
 GET /game 200 in 235ms (compile: 173ms, proxy.ts: 17ms, render: 44ms)
 GET / 200 in 667ms (compile: 6ms, proxy.ts: 587ms, render: 74ms)
 POST / 200 in 40ms (compile: 6ms, proxy.ts: 21ms, render: 12ms)
 GET /game 200 in 176ms (compile: 125ms, proxy.ts: 26ms, render: 24ms)
✓ Compiled in 158ms
✓ Compiled in 197ms
✓ Compiled in 113ms
⚠ Fast Refresh had to perform a full reload due to a runtime error.
 GET /game 200 in 670ms (compile: 169ms, proxy.ts: 15ms, render: 486ms)
 POST /game 200 in 42ms (compile: 6ms, proxy.ts: 19ms, render: 17ms)
 GET / 200 in 993ms (compile: 5ms, proxy.ts: 904ms, render: 84ms)
 POST / 200 in 32ms (compile: 9ms, proxy.ts: 15ms, render: 9ms)
 GET /game 200 in 38ms (compile: 11ms, proxy.ts: 9ms, render: 19ms)