---
pid: 12056
cwd: |
  C:\Users\User\.cursor\Projects\poker-gto-trainer
---
PS C:\Users\User\.cursor\Projects> npm run dev
npm error code ENOENT
npm error syscall open
npm error path C:\Users\User\.cursor\Projects\package.json
npm error errno -4058
npm error enoent Could not read package.json: Error: ENOENT: no such file or directory, open 'C:\Users\User\.cursor\Projects\package.json'
npm error enoent This is related to npm not being able to find a file.
npm error enoent
npm error A complete log of this run can be found in: C:\Users\User\AppData\Local\npm-cache\_logs\2025-12-28T20_58_34_445Z-debug-0.log
PS C:\Users\User\.cursor\Projects> 
 *  History restored 

PS C:\Users\User\.cursor\Projects> cd poker-gto-trainer
PS C:\Users\User\.cursor\Projects\poker-gto-trainer> npm run dev

> poker-gto-trainer@0.1.0 dev
> cross-env NEXT_TELEMETRY_DISABLED=1 next dev

▲ Next.js 16.1.1 (Turbopack)
- Local:         http://localhost:3000
- Network:       http://192.168.1.22:3000
- Environments: .env.local

✓ Starting...
✓ Ready in 3.1s
 GET / 200 in 1492ms (compile: 1308ms, render: 185ms)
 GET / 200 in 53ms (compile: 5ms, render: 48ms)
 GET / 200 in 65ms (compile: 6ms, render: 59ms)
 GET /game 200 in 140ms (compile: 118ms, render: 22ms)
 GET /simulator 200 in 74ms (compile: 54ms, render: 20ms)
 GET /dataset 200 in 61ms (compile: 44ms, render: 16ms)
 GET /simulator 200 in 19ms (compile: 4ms, render: 15ms)
 GET /ranges 200 in 21ms (compile: 4ms, render: 17ms)
 GET /simulator 200 in 17ms (compile: 3ms, render: 14ms)
 GET /dataset 200 in 21ms (compile: 4ms, render: 18ms)
 GET /simulator 200 in 23ms (compile: 4ms, render: 19ms)
 GET /analytics 200 in 16ms (compile: 3ms, render: 14ms)
 GET /ranges 200 in 16ms (compile: 3ms, render: 13ms)
 GET / 200 in 127ms (compile: 9ms, render: 119ms)
 GET /game 200 in 23ms (compile: 5ms, render: 18ms)
 GET /analytics 200 in 24ms (compile: 5ms, render: 20ms)
 GET /ranges 200 in 19ms (compile: 3ms, render: 16ms)

 *  History restored 

PS C:\Users\User\.cursor\Projects> cd poker-gto-trainer
PS C:\Users\User\.cursor\Projects\poker-gto-trainer> npm run dev

> poker-gto-trainer@0.1.0 dev
> cross-env NEXT_TELEMETRY_DISABLED=1 next dev

▲ Next.js 16.1.1 (Turbopack)
- Local:         http://localhost:3000
- Network:       http://192.168.1.22:3000
- Environments: .env.local

✓ Starting...
✓ Ready in 1391ms
 GET / 200 in 576ms (compile: 402ms, render: 175ms)
 GET /game 200 in 80ms (compile: 53ms, render: 27ms)
 GET /analytics 200 in 70ms (compile: 53ms, render: 18ms)
 GET /ranges 200 in 57ms (compile: 39ms, render: 18ms)
 GET / 200 in 86ms (compile: 9ms, render: 78ms)
 GET /game 200 in 20ms (compile: 4ms, render: 16ms)
 GET /ranges 200 in 19ms (compile: 3ms, render: 15ms)
 GET /analytics 200 in 19ms (compile: 3ms, render: 16ms)
 GET /simulator 200 in 60ms (compile: 43ms, render: 17ms)
 GET /ranges 200 in 26ms (compile: 5ms, render: 21ms)
 GET /game 200 in 29ms (compile: 3ms, render: 26ms)
 GET /ranges 200 in 19ms (compile: 3ms, render: 15ms)
 GET /dataset 200 in 55ms (compile: 38ms, render: 17ms)
PS C:\Users\User\.cursor\Projects\poker-gto-trainer> 
                                                     npm run dev

> poker-gto-trainer@0.1.0 dev
> cross-env NEXT_TELEMETRY_DISABLED=1 next dev


▲ Next.js 16.1.1 (Turbopack)
▲ Next.js 16.1.1 (Turbopack)
- Local:         http://localhost:3000
- Network:       http://192.168.1.22:3000
- Environments: .env.local

✓ Starting...
✓ Ready in 1529ms
 GET / 200 in 572ms (compile: 388ms, render: 184ms)
 GET /game 200 in 66ms (compile: 44ms, render: 22ms)
 GET /ranges 200 in 60ms (compile: 41ms, render: 19ms)
 GET / 200 in 87ms (compile: 8ms, render: 80ms)
 GET /game 200 in 21ms (compile: 4ms, render: 17ms)
 GET /ranges 200 in 21ms (compile: 4ms, render: 17ms)
 GET /analytics 200 in 69ms (compile: 47ms, render: 22ms)
 GET /simulator 200 in 61ms (compile: 44ms, render: 18ms)
 HEAD /logo.png 404 in 909ms (compile: 828ms, render: 81ms)
 HEAD /logo.png 404 in 948ms (compile: 896ms, render: 52ms)
 GET /logo.png 404 in 88ms (compile: 6ms, render: 83ms)
 GET /logo.png 404 in 43ms (compile: 6ms, render: 37ms)
PS C:\Users\User\.cursor\Projects\poker-gto-trainer> npm install @clerk/nextjs


added 17 packages, and audited 383 packages in 6s

143 packages are looking for funding
  run `npm fund` for details

found 0 vulnerabilities
PS C:\Users\User\.cursor\Projects\poker-gto-trainer> npm run dev

> poker-gto-trainer@0.1.0 dev
> cross-env NEXT_TELEMETRY_DISABLED=1 next dev

▲ Next.js 16.1.1 (Turbopack)
- Local:         http://localhost:3000
- Network:       http://192.168.1.22:3000
- Environments: .env.local

✓ Starting...
✓ Ready in 1729ms
⨯ [Error: The Proxy file "/proxy" must export a function named `proxy` or a default function.]
 GET / 404 in 1953ms (compile: -183119µs, proxy.ts: 1938ms, render: 199ms)
⨯ [Error: The Proxy file "/proxy" must export a function named `proxy` or a default function.]
⨯ [Error: The Proxy file "/proxy" must export a function named `proxy` or a default function.]
⨯ [Error: The Proxy file "/proxy" must export a function named `proxy` or a default function.]
⨯ [Error: The Proxy file "/proxy" must export a function named `proxy` or a default function.]
⨯ [Error: The Proxy file "/proxy" must export a function named `proxy` or a default function.]
⨯ [Error: The Proxy file "/proxy" must export a function named `proxy` or a default function.]
⨯ [Error: The Proxy file "/proxy" must export a function named `proxy` or a default function.]
⨯ [Error: The Proxy file "/proxy" must export a function named `proxy` or a default function.]
⨯ [Error: The Proxy file "/proxy" must export a function named `proxy` or a default function.]
⨯ [Error: The Proxy file "/proxy" must export a function named `proxy` or a default function.]
⨯ [Error: The Proxy file "/proxy" must export a function named `proxy` or a default function.]
⨯ [Error: The Proxy file "/proxy" must export a function named `proxy` or a default function.]
⨯ [Error: The Proxy file "/proxy" must export a function named `proxy` or a default function.]
⨯ [Error: The Proxy file "/proxy" must export a function named `proxy` or a default function.]
⨯ [Error: The Proxy file "/proxy" must export a function named `proxy` or a default function.]
⨯ [Error: The Proxy file "/proxy" must export a function named `proxy` or a default function.]
⨯ [Error: The Proxy file "/proxy" must export a function named `proxy` or a default function.]
⨯ [Error: The Proxy file "/proxy" must export a function named `proxy` or a default function.]
⨯ [Error: The Proxy file "/proxy" must export a function named `proxy` or a default function.]
⨯ [Error: The Proxy file "/proxy" must export a function named `proxy` or a default function.]
⨯ [Error: The Proxy file "/proxy" must export a function named `proxy` or a default function.]
⨯ [Error: The Proxy file "/proxy" must export a function named `proxy` or a default function.]
⨯ [Error: The Proxy file "/proxy" must export a function named `proxy` or a default function.]
PS C:\Users\User\.cursor\Projects\poker-gto-trainer> 
                                                     npm run dev

> poker-gto-trainer@0.1.0 dev
> cross-env NEXT_TELEMETRY_DISABLED=1 next dev

▲ Next.js 16.1.1 (Turbopack)
- Local:         http://localhost:3000
- Network:       http://192.168.1.22:3000
- Environments: .env.local

✓ Starting...
✓ Ready in 1760ms
⨯ [Error: The Proxy file "/proxy" must export a function named `proxy` or a default function.]
 GET / 404 in 518ms (compile: -198691µs, proxy.ts: 509ms, render: 207ms)
⨯ [Error: The Proxy file "/proxy" must export a function named `proxy` or a default function.]
⨯ [Error: The Proxy file "/proxy" must export a function named `proxy` or a default function.]
⨯ [Error: The Proxy file "/proxy" must export a function named `proxy` or a default function.]
⨯ [Error: The Proxy file "/proxy" must export a function named `proxy` or a default function.]
⨯ [Error: The Proxy file "/proxy" must export a function named `proxy` or a default function.]
⨯ [Error: The Proxy file "/proxy" must export a function named `proxy` or a default function.]
⨯ [Error: The Proxy file "/proxy" must export a function named `proxy` or a default function.]
⨯ [Error: The Proxy file "/proxy" must export a function named `proxy` or a default function.]
⨯ [Error: The Proxy file "/proxy" must export a function named `proxy` or a default function.]
⨯ [Error: The Proxy file "/proxy" must export a function named `proxy` or a default function.]
⨯ [Error: The Proxy file "/proxy" must export a function named `proxy` or a default function.]
⨯ [Error: The Proxy file "/proxy" must export a function named `proxy` or a default function.]
⨯ [Error: The Proxy file "/proxy" must export a function named `proxy` or a default function.]
⨯ [Error: The Proxy file "/proxy" must export a function named `proxy` or a default function.]
⨯ [Error: The Proxy file "/proxy" must export a function named `proxy` or a default function.]
⨯ [Error: The Proxy file "/proxy" must export a function named `proxy` or a default function.]
⨯ [Error: The Proxy file "/proxy" must export a function named `proxy` or a default function.]
⨯ [Error: The Proxy file "/proxy" must export a function named `proxy` or a default function.]
⨯ [Error: The Proxy file "/proxy" must export a function named `proxy` or a default function.]
⨯ [Error: The Proxy file "/proxy" must export a function named `proxy` or a default function.]
⨯ [Error: The Proxy file "/proxy" must export a function named `proxy` or a default function.]
⨯ [Error: The Proxy file "/proxy" must export a function named `proxy` or a default function.]
⨯ [Error: The Proxy file "/proxy" must export a function named `proxy` or a default function.]
PS C:\Users\User\.cursor\Projects\poker-gto-trainer> 
                                                     npm run dev

> poker-gto-trainer@0.1.0 dev
> cross-env NEXT_TELEMETRY_DISABLED=1 next dev

▲ Next.js 16.1.1 (Turbopack)
- Local:         http://localhost:3000
- Network:       http://192.168.1.22:3000
- Environments: .env.local

✓ Starting...
✓ Ready in 1517ms
⨯ [Error: The Proxy file "/proxy" must export a function named `proxy` or a default function.]
 GET / 404 in 506ms (compile: -198618µs, proxy.ts: 499ms, render: 205ms)
⨯ [Error: The Proxy file "/proxy" must export a function named `proxy` or a default function.]
⨯ [Error: The Proxy file "/proxy" must export a function named `proxy` or a default function.]
⨯ [Error: The Proxy file "/proxy" must export a function named `proxy` or a default function.]
⨯ [Error: The Proxy file "/proxy" must export a function named `proxy` or a default function.]
⨯ [Error: The Proxy file "/proxy" must export a function named `proxy` or a default function.]
⨯ [Error: The Proxy file "/proxy" must export a function named `proxy` or a default function.]
⨯ [Error: The Proxy file "/proxy" must export a function named `proxy` or a default function.]
⨯ [Error: The Proxy file "/proxy" must export a function named `proxy` or a default function.]
⨯ [Error: The Proxy file "/proxy" must export a function named `proxy` or a default function.]
⨯ [Error: The Proxy file "/proxy" must export a function named `proxy` or a default function.]
⨯ [Error: The Proxy file "/proxy" must export a function named `proxy` or a default function.]
⨯ [Error: The Proxy file "/proxy" must export a function named `proxy` or a default function.]
⨯ [Error: The Proxy file "/proxy" must export a function named `proxy` or a default function.]
⨯ [Error: The Proxy file "/proxy" must export a function named `proxy` or a default function.]
⨯ [Error: The Proxy file "/proxy" must export a function named `proxy` or a default function.]
⨯ [Error: The Proxy file "/proxy" must export a function named `proxy` or a default function.]
⨯ [Error: The Proxy file "/proxy" must export a function named `proxy` or a default function.]
⨯ [Error: The Proxy file "/proxy" must export a function named `proxy` or a default function.]
⨯ [Error: The Proxy file "/proxy" must export a function named `proxy` or a default function.]
⨯ [Error: The Proxy file "/proxy" must export a function named `proxy` or a default function.]
⨯ [Error: The Proxy file "/proxy" must export a function named `proxy` or a default function.]
⨯ [Error: The Proxy file "/proxy" must export a function named `proxy` or a default function.]
⨯ [Error: The Proxy file "/proxy" must export a function named `proxy` or a default function.]
PS C:\Users\User\.cursor\Projects\poker-gto-trainer> 
                                                     ^C
PS C:\Users\User\.cursor\Projects\poker-gto-trainer> npm run dev

> poker-gto-trainer@0.1.0 dev
> cross-env NEXT_TELEMETRY_DISABLED=1 next dev

▲ Next.js 16.1.1 (Turbopack)
- Local:         http://localhost:3000
- Network:       http://192.168.1.22:3000
- Environments: .env.local

✓ Starting...
⚠ The "middleware" file convention is deprecated. Please use "proxy" instead. Learn more: https://nextjs.org/docs/messages/middleware-to-proxy
Unhandled Rejection: Error: Both middleware file "./middleware.ts" and proxy file "./proxy.ts" are detected. Please use "./proxy.ts" only. Learn more: https://nextjs.org/docs/messages/middleware-to-proxy
    at ignore-listed frames
PS C:\Users\User\.cursor\Projects\poker-gto-trainer> 
                                                     ^C
PS C:\Users\User\.cursor\Projects\poker-gto-trainer> npm run dev

> poker-gto-trainer@0.1.0 dev
> cross-env NEXT_TELEMETRY_DISABLED=1 next dev

▲ Next.js 16.1.1 (Turbopack)
- Local:         http://localhost:3000
- Network:       http://192.168.1.22:3000
- Environments: .env.local

✓ Starting...
✓ Ready in 1414ms
⨯ [Error: The Proxy file "/proxy" must export a function named `proxy` or a default function.]
 GET / 404 in 824ms (compile: -245450µs, proxy.ts: 813ms, render: 256ms)
⨯ [Error: The Proxy file "/proxy" must export a function named `proxy` or a default function.]
⨯ [Error: The Proxy file "/proxy" must export a function named `proxy` or a default function.]
⨯ [Error: The Proxy file "/proxy" must export a function named `proxy` or a default function.]
⨯ [Error: The Proxy file "/proxy" must export a function named `proxy` or a default function.]
⨯ [Error: The Proxy file "/proxy" must export a function named `proxy` or a default function.]
⨯ [Error: The Proxy file "/proxy" must export a function named `proxy` or a default function.]
⨯ [Error: The Proxy file "/proxy" must export a function named `proxy` or a default function.]
⨯ [Error: The Proxy file "/proxy" must export a function named `proxy` or a default function.]
⨯ [Error: The Proxy file "/proxy" must export a function named `proxy` or a default function.]
⨯ [Error: The Proxy file "/proxy" must export a function named `proxy` or a default function.]
⨯ [Error: The Proxy file "/proxy" must export a function named `proxy` or a default function.]
⨯ [Error: The Proxy file "/proxy" must export a function named `proxy` or a default function.]
⨯ [Error: The Proxy file "/proxy" must export a function named `proxy` or a default function.]
⨯ [Error: The Proxy file "/proxy" must export a function named `proxy` or a default function.]
⨯ [Error: The Proxy file "/proxy" must export a function named `proxy` or a default function.]
⨯ [Error: The Proxy file "/proxy" must export a function named `proxy` or a default function.]
⨯ [Error: The Proxy file "/proxy" must export a function named `proxy` or a default function.]
⨯ [Error: The Proxy file "/proxy" must export a function named `proxy` or a default function.]
⨯ [Error: The Proxy file "/proxy" must export a function named `proxy` or a default function.]
⨯ [Error: The Proxy file "/proxy" must export a function named `proxy` or a default function.]
⨯ [Error: The Proxy file "/proxy" must export a function named `proxy` or a default function.]
⨯ [Error: The Proxy file "/proxy" must export a function named `proxy` or a default function.]
⨯ [Error: The Proxy file "/proxy" must export a function named `proxy` or a default function.]
✓ Compiled in 1016ms
PS C:\Users\User\.cursor\Projects\poker-gto-trainer> 
                                                     npm run dev

> poker-gto-trainer@0.1.0 dev
> cross-env NEXT_TELEMETRY_DISABLED=1 next dev

▲ Next.js 16.1.1 (Turbopack)
- Local:         http://localhost:3000
- Network:       http://192.168.1.22:3000
- Environments: .env.local

✓ Starting...
✓ Ready in 1402ms
 GET / 200 in 751ms (compile: 568ms, render: 183ms)
 GET /game 200 in 103ms (compile: 79ms, render: 24ms)
 GET /game 200 in 151ms (compile: 7ms, render: 144ms)
 GET / 200 in 65ms (compile: 5ms, render: 60ms)
 GET / 200 in 68ms (compile: 5ms, render: 64ms)
 GET / 200 in 66ms (compile: 5ms, render: 61ms)
 GET / 200 in 73ms (compile: 6ms, render: 67ms)
✓ Compiled in 11ms
PS C:\Users\User\.cursor\Projects\poker-gto-trainer> 
                                                     npm run dev

> poker-gto-trainer@0.1.0 dev
> cross-env NEXT_TELEMETRY_DISABLED=1 next dev

▲ Next.js 16.1.1 (Turbopack)
- Local:         http://localhost:3000
- Network:       http://192.168.1.22:3000
- Environments: .env.local

✓ Starting...
✓ Ready in 1333ms
⨯ [Error: The Proxy file "/proxy" must export a function named `proxy` or a default function.]
 GET / 404 in 574ms (compile: -197663µs, proxy.ts: 566ms, render: 205ms)
⨯ [Error: The Proxy file "/proxy" must export a function named `proxy` or a default function.]
⨯ [Error: The Proxy file "/proxy" must export a function named `proxy` or a default function.]
⨯ [Error: The Proxy file "/proxy" must export a function named `proxy` or a default function.]
⨯ [Error: The Proxy file "/proxy" must export a function named `proxy` or a default function.]
⨯ [Error: The Proxy file "/proxy" must export a function named `proxy` or a default function.]
⨯ [Error: The Proxy file "/proxy" must export a function named `proxy` or a default function.]
⨯ [Error: The Proxy file "/proxy" must export a function named `proxy` or a default function.]
⨯ [Error: The Proxy file "/proxy" must export a function named `proxy` or a default function.]
⨯ [Error: The Proxy file "/proxy" must export a function named `proxy` or a default function.]
⨯ [Error: The Proxy file "/proxy" must export a function named `proxy` or a default function.]
⨯ [Error: The Proxy file "/proxy" must export a function named `proxy` or a default function.]
⨯ [Error: The Proxy file "/proxy" must export a function named `proxy` or a default function.]
⨯ [Error: The Proxy file "/proxy" must export a function named `proxy` or a default function.]
⨯ [Error: The Proxy file "/proxy" must export a function named `proxy` or a default function.]
⨯ [Error: The Proxy file "/proxy" must export a function named `proxy` or a default function.]
⨯ [Error: The Proxy file "/proxy" must export a function named `proxy` or a default function.]
⨯ [Error: The Proxy file "/proxy" must export a function named `proxy` or a default function.]
⨯ [Error: The Proxy file "/proxy" must export a function named `proxy` or a default function.]
⨯ [Error: The Proxy file "/proxy" must export a function named `proxy` or a default function.]
⨯ [Error: The Proxy file "/proxy" must export a function named `proxy` or a default function.]
⨯ [Error: The Proxy file "/proxy" must export a function named `proxy` or a default function.]
⨯ [Error: The Proxy file "/proxy" must export a function named `proxy` or a default function.]
⨯ [Error: The Proxy file "/proxy" must export a function named `proxy` or a default function.]
PS C:\Users\User\.cursor\Projects\poker-gto-trainer>
                                                     npm run dev

> poker-gto-trainer@0.1.0 dev
> cross-env NEXT_TELEMETRY_DISABLED=1 next dev

▲ Next.js 16.1.1 (Turbopack)
- Local:         http://localhost:3000
- Network:       http://192.168.1.22:3000
- Environments: .env.local

✓ Starting...
✓ Ready in 1358ms
⨯ [Error: The Proxy file "/proxy" must export a function named `proxy` or a default function.]
 GET / 404 in 645ms (compile: -288439µs, proxy.ts: 641ms, render: 293ms)
⨯ [Error: The Proxy file "/proxy" must export a function named `proxy` or a default function.]
⨯ [Error: The Proxy file "/proxy" must export a function named `proxy` or a default function.]
⨯ [Error: The Proxy file "/proxy" must export a function named `proxy` or a default function.]
⨯ [Error: The Proxy file "/proxy" must export a function named `proxy` or a default function.]
⨯ [Error: The Proxy file "/proxy" must export a function named `proxy` or a default function.]
⨯ [Error: The Proxy file "/proxy" must export a function named `proxy` or a default function.]
⨯ [Error: The Proxy file "/proxy" must export a function named `proxy` or a default function.]
⨯ [Error: The Proxy file "/proxy" must export a function named `proxy` or a default function.]
⨯ [Error: The Proxy file "/proxy" must export a function named `proxy` or a default function.]
⨯ [Error: The Proxy file "/proxy" must export a function named `proxy` or a default function.]
⨯ [Error: The Proxy file "/proxy" must export a function named `proxy` or a default function.]
⨯ [Error: The Proxy file "/proxy" must export a function named `proxy` or a default function.]
⨯ [Error: The Proxy file "/proxy" must export a function named `proxy` or a default function.]
⨯ [Error: The Proxy file "/proxy" must export a function named `proxy` or a default function.]
⨯ [Error: The Proxy file "/proxy" must export a function named `proxy` or a default function.]
⨯ [Error: The Proxy file "/proxy" must export a function named `proxy` or a default function.]
⨯ [Error: The Proxy file "/proxy" must export a function named `proxy` or a default function.]
⨯ [Error: The Proxy file "/proxy" must export a function named `proxy` or a default function.]
⨯ [Error: The Proxy file "/proxy" must export a function named `proxy` or a default function.]
⨯ [Error: The Proxy file "/proxy" must export a function named `proxy` or a default function.]
⨯ [Error: The Proxy file "/proxy" must export a function named `proxy` or a default function.]
⨯ [Error: The Proxy file "/proxy" must export a function named `proxy` or a default function.]
⨯ [Error: The Proxy file "/proxy" must export a function named `proxy` or a default function.]
PS C:\Users\User\.cursor\Projects\poker-gto-trainer> 
                                                     ^C
PS C:\Users\User\.cursor\Projects\poker-gto-trainer> ^C
PS C:\Users\User\.cursor\Projects\poker-gto-trainer> ^C
PS C:\Users\User\.cursor\Projects\poker-gto-trainer> npm run dev

> poker-gto-trainer@0.1.0 dev
> cross-env NEXT_TELEMETRY_DISABLED=1 next dev

▲ Next.js 16.1.1 (Turbopack)
- Local:         http://localhost:3000
- Network:       http://192.168.1.22:3000
- Environments: .env.local

✓ Starting...
✓ Ready in 1278ms
⨯ [Error: The Proxy file "/proxy" must export a function named `proxy` or a default function.]
 GET / 404 in 745ms (compile: -205821µs, proxy.ts: 735ms, render: 216ms)
⨯ [Error: The Proxy file "/proxy" must export a function named `proxy` or a default function.]
⨯ [Error: The Proxy file "/proxy" must export a function named `proxy` or a default function.]
⨯ [Error: The Proxy file "/proxy" must export a function named `proxy` or a default function.]
⨯ [Error: The Proxy file "/proxy" must export a function named `proxy` or a default function.]
⨯ [Error: The Proxy file "/proxy" must export a function named `proxy` or a default function.]
⨯ [Error: The Proxy file "/proxy" must export a function named `proxy` or a default function.]
⨯ [Error: The Proxy file "/proxy" must export a function named `proxy` or a default function.]
⨯ [Error: The Proxy file "/proxy" must export a function named `proxy` or a default function.]
⨯ [Error: The Proxy file "/proxy" must export a function named `proxy` or a default function.]
⨯ [Error: The Proxy file "/proxy" must export a function named `proxy` or a default function.]
⨯ [Error: The Proxy file "/proxy" must export a function named `proxy` or a default function.]
⨯ [Error: The Proxy file "/proxy" must export a function named `proxy` or a default function.]
⨯ [Error: The Proxy file "/proxy" must export a function named `proxy` or a default function.]
⨯ [Error: The Proxy file "/proxy" must export a function named `proxy` or a default function.]
⨯ [Error: The Proxy file "/proxy" must export a function named `proxy` or a default function.]
⨯ [Error: The Proxy file "/proxy" must export a function named `proxy` or a default function.]
⨯ [Error: The Proxy file "/proxy" must export a function named `proxy` or a default function.]
⨯ [Error: The Proxy file "/proxy" must export a function named `proxy` or a default function.]
⨯ [Error: The Proxy file "/proxy" must export a function named `proxy` or a default function.]
⨯ [Error: The Proxy file "/proxy" must export a function named `proxy` or a default function.]
⨯ [Error: The Proxy file "/proxy" must export a function named `proxy` or a default function.]
⨯ [Error: The Proxy file "/proxy" must export a function named `proxy` or a default function.]
⨯ [Error: The Proxy file "/proxy" must export a function named `proxy` or a default function.]
PS C:\Users\User\.cursor\Projects\poker-gto-trainer> 
                                                     npm run dev

> poker-gto-trainer@0.1.0 dev
> cross-env NEXT_TELEMETRY_DISABLED=1 next dev

▲ Next.js 16.1.1 (Turbopack)
- Local:         http://localhost:3000
- Network:       http://192.168.1.22:3000
- Environments: .env.local

✓ Starting...
⚠ The "middleware" file convention is deprecated. Please use "proxy" instead. Learn more: https://nextjs.org/docs/messages/middleware-to-proxy
Unhandled Rejection: Error: Both middleware file "./middleware.ts" and proxy file "./proxy.ts" are detected. Please use "./proxy.ts" only. Learn more: https://nextjs.org/docs/messages/middleware-to-proxy
    at ignore-listed frames
✓ Ready in 6.6s
✓ Compiled in 0ms
PS C:\Users\User\.cursor\Projects\poker-gto-trainer> 
                                                     ^C
PS C:\Users\User\.cursor\Projects\poker-gto-trainer> ^C
PS C:\Users\User\.cursor\Projects\poker-gto-trainer> npm run dev

> poker-gto-trainer@0.1.0 dev
> cross-env NEXT_TELEMETRY_DISABLED=1 next dev

▲ Next.js 16.1.1 (Turbopack)
- Local:         http://localhost:3000
- Network:       http://192.168.1.22:3000
- Environments: .env.local

✓ Starting...
✓ Ready in 1494ms
⨯ [Error: The Proxy file "/proxy" must export a function named `proxy` or a default function.]
 GET / 404 in 1302ms (compile: -184556µs, proxy.ts: 1296ms, render: 190ms)
⨯ [Error: The Proxy file "/proxy" must export a function named `proxy` or a default function.]
⨯ [Error: The Proxy file "/proxy" must export a function named `proxy` or a default function.]
⨯ [Error: The Proxy file "/proxy" must export a function named `proxy` or a default function.]
⨯ [Error: The Proxy file "/proxy" must export a function named `proxy` or a default function.]
⨯ [Error: The Proxy file "/proxy" must export a function named `proxy` or a default function.]
⨯ [Error: The Proxy file "/proxy" must export a function named `proxy` or a default function.]
⨯ [Error: The Proxy file "/proxy" must export a function named `proxy` or a default function.]
⨯ [Error: The Proxy file "/proxy" must export a function named `proxy` or a default function.]
⨯ [Error: The Proxy file "/proxy" must export a function named `proxy` or a default function.]
⨯ [Error: The Proxy file "/proxy" must export a function named `proxy` or a default function.]
⨯ [Error: The Proxy file "/proxy" must export a function named `proxy` or a default function.]
⨯ [Error: The Proxy file "/proxy" must export a function named `proxy` or a default function.]
⨯ [Error: The Proxy file "/proxy" must export a function named `proxy` or a default function.]
⨯ [Error: The Proxy file "/proxy" must export a function named `proxy` or a default function.]
⨯ [Error: The Proxy file "/proxy" must export a function named `proxy` or a default function.]
⨯ [Error: The Proxy file "/proxy" must export a function named `proxy` or a default function.]
⨯ [Error: The Proxy file "/proxy" must export a function named `proxy` or a default function.]
⨯ [Error: The Proxy file "/proxy" must export a function named `proxy` or a default function.]
⨯ [Error: The Proxy file "/proxy" must export a function named `proxy` or a default function.]
⨯ [Error: The Proxy file "/proxy" must export a function named `proxy` or a default function.]
⨯ [Error: The Proxy file "/proxy" must export a function named `proxy` or a default function.]
⨯ [Error: The Proxy file "/proxy" must export a function named `proxy` or a default function.]
⨯ [Error: The Proxy file "/proxy" must export a function named `proxy` or a default function.]
PS C:\Users\User\.cursor\Projects\poker-gto-trainer> 
                                                     npm run dev

> poker-gto-trainer@0.1.0 dev
> cross-env NEXT_TELEMETRY_DISABLED=1 next dev

▲ Next.js 16.1.1 (Turbopack)
- Local:         http://localhost:3000
- Network:       http://192.168.1.22:3000
- Environments: .env.local

✓ Starting...
✓ Ready in 1290ms
⨯ [Error: The Proxy file "/proxy" must export a function named `proxy` or a default function.]
 GET / 404 in 594ms (compile: -191188µs, proxy.ts: 584ms, render: 200ms)
⨯ [Error: The Proxy file "/proxy" must export a function named `proxy` or a default function.]
⨯ [Error: The Proxy file "/proxy" must export a function named `proxy` or a default function.]
⨯ [Error: The Proxy file "/proxy" must export a function named `proxy` or a default function.]
⨯ [Error: The Proxy file "/proxy" must export a function named `proxy` or a default function.]
⨯ [Error: The Proxy file "/proxy" must export a function named `proxy` or a default function.]
⨯ [Error: The Proxy file "/proxy" must export a function named `proxy` or a default function.]
⨯ [Error: The Proxy file "/proxy" must export a function named `proxy` or a default function.]
⨯ [Error: The Proxy file "/proxy" must export a function named `proxy` or a default function.]
⨯ [Error: The Proxy file "/proxy" must export a function named `proxy` or a default function.]
⨯ [Error: The Proxy file "/proxy" must export a function named `proxy` or a default function.]
⨯ [Error: The Proxy file "/proxy" must export a function named `proxy` or a default function.]
⨯ [Error: The Proxy file "/proxy" must export a function named `proxy` or a default function.]
⨯ [Error: The Proxy file "/proxy" must export a function named `proxy` or a default function.]
⨯ [Error: The Proxy file "/proxy" must export a function named `proxy` or a default function.]
⨯ [Error: The Proxy file "/proxy" must export a function named `proxy` or a default function.]
⨯ [Error: The Proxy file "/proxy" must export a function named `proxy` or a default function.]
⨯ [Error: The Proxy file "/proxy" must export a function named `proxy` or a default function.]
⨯ [Error: The Proxy file "/proxy" must export a function named `proxy` or a default function.]
⨯ [Error: The Proxy file "/proxy" must export a function named `proxy` or a default function.]
⨯ [Error: The Proxy file "/proxy" must export a function named `proxy` or a default function.]
⨯ [Error: The Proxy file "/proxy" must export a function named `proxy` or a default function.]
⨯ [Error: The Proxy file "/proxy" must export a function named `proxy` or a default function.]
⨯ [Error: The Proxy file "/proxy" must export a function named `proxy` or a default function.]
Persisting failed: Unable to write SST file 00000036.sst

Caused by:
    The system cannot find the path specified. (os error 3)
PS C:\Users\User\.cursor\Projects\poker-gto-trainer> 
                                                     npm run dev

> poker-gto-trainer@0.1.0 dev
> cross-env NEXT_TELEMETRY_DISABLED=1 next dev

▲ Next.js 16.1.1 (Turbopack)
- Local:         http://localhost:3000
- Network:       http://192.168.1.22:3000
- Environments: .env.local

✓ Starting...
✓ Ready in 1441ms
⨯ [Error: The Proxy file "/proxy" must export a function named `proxy` or a default function.]
 GET / 404 in 1497ms (compile: -193261µs, proxy.ts: 1492ms, render: 199ms)
⨯ [Error: The Proxy file "/proxy" must export a function named `proxy` or a default function.]
⨯ [Error: The Proxy file "/proxy" must export a function named `proxy` or a default function.]
⨯ [Error: The Proxy file "/proxy" must export a function named `proxy` or a default function.]
⨯ [Error: The Proxy file "/proxy" must export a function named `proxy` or a default function.]
⨯ [Error: The Proxy file "/proxy" must export a function named `proxy` or a default function.]
⨯ [Error: The Proxy file "/proxy" must export a function named `proxy` or a default function.]
⨯ [Error: The Proxy file "/proxy" must export a function named `proxy` or a default function.]
⨯ [Error: The Proxy file "/proxy" must export a function named `proxy` or a default function.]
⨯ [Error: The Proxy file "/proxy" must export a function named `proxy` or a default function.]
⨯ [Error: The Proxy file "/proxy" must export a function named `proxy` or a default function.]
⨯ [Error: The Proxy file "/proxy" must export a function named `proxy` or a default function.]
⨯ [Error: The Proxy file "/proxy" must export a function named `proxy` or a default function.]
⨯ [Error: The Proxy file "/proxy" must export a function named `proxy` or a default function.]
⨯ [Error: The Proxy file "/proxy" must export a function named `proxy` or a default function.]
⨯ [Error: The Proxy file "/proxy" must export a function named `proxy` or a default function.]
⨯ [Error: The Proxy file "/proxy" must export a function named `proxy` or a default function.]
⨯ [Error: The Proxy file "/proxy" must export a function named `proxy` or a default function.]
⨯ [Error: The Proxy file "/proxy" must export a function named `proxy` or a default function.]
⨯ [Error: The Proxy file "/proxy" must export a function named `proxy` or a default function.]
⨯ [Error: The Proxy file "/proxy" must export a function named `proxy` or a default function.]
⨯ [Error: The Proxy file "/proxy" must export a function named `proxy` or a default function.]
⨯ [Error: The Proxy file "/proxy" must export a function named `proxy` or a default function.]
⨯ [Error: The Proxy file "/proxy" must export a function named `proxy` or a default function.]
PS C:\Users\User\.cursor\Projects\poker-gto-trainer> 
                                                     npm run dev

> poker-gto-trainer@0.1.0 dev
> cross-env NEXT_TELEMETRY_DISABLED=1 next dev

▲ Next.js 16.1.1 (Turbopack)
- Local:         http://localhost:3000
- Network:       http://192.168.1.22:3000
- Environments: .env.local

✓ Starting...
✓ Ready in 1285ms
⨯ [Error: The Proxy file "/proxy" must export a function named `proxy` or a default function.]
 GET / 404 in 705ms (compile: -235693µs, proxy.ts: 695ms, render: 245ms)
⨯ [Error: The Proxy file "/proxy" must export a function named `proxy` or a default function.]
⨯ [Error: The Proxy file "/proxy" must export a function named `proxy` or a default function.]
⨯ [Error: The Proxy file "/proxy" must export a function named `proxy` or a default function.]
⨯ [Error: The Proxy file "/proxy" must export a function named `proxy` or a default function.]
⨯ [Error: The Proxy file "/proxy" must export a function named `proxy` or a default function.]
⨯ [Error: The Proxy file "/proxy" must export a function named `proxy` or a default function.]
⨯ [Error: The Proxy file "/proxy" must export a function named `proxy` or a default function.]
⨯ [Error: The Proxy file "/proxy" must export a function named `proxy` or a default function.]
⨯ [Error: The Proxy file "/proxy" must export a function named `proxy` or a default function.]
⨯ [Error: The Proxy file "/proxy" must export a function named `proxy` or a default function.]
⨯ [Error: The Proxy file "/proxy" must export a function named `proxy` or a default function.]
⨯ [Error: The Proxy file "/proxy" must export a function named `proxy` or a default function.]
⨯ [Error: The Proxy file "/proxy" must export a function named `proxy` or a default function.]
⨯ [Error: The Proxy file "/proxy" must export a function named `proxy` or a default function.]
⨯ [Error: The Proxy file "/proxy" must export a function named `proxy` or a default function.]
⨯ [Error: The Proxy file "/proxy" must export a function named `proxy` or a default function.]
⨯ [Error: The Proxy file "/proxy" must export a function named `proxy` or a default function.]
⨯ [Error: The Proxy file "/proxy" must export a function named `proxy` or a default function.]
⨯ [Error: The Proxy file "/proxy" must export a function named `proxy` or a default function.]
⨯ [Error: The Proxy file "/proxy" must export a function named `proxy` or a default function.]
⨯ [Error: The Proxy file "/proxy" must export a function named `proxy` or a default function.]
⨯ [Error: The Proxy file "/proxy" must export a function named `proxy` or a default function.]
⨯ [Error: The Proxy file "/proxy" must export a function named `proxy` or a default function.]
PS C:\Users\User\.cursor\Projects\poker-gto-trainer> 
                                                     npm run devb
npm error Missing script: "devb"
npm error
npm error Did you mean this?
npm error   npm run dev # run the "dev" package script
npm error
npm error To see a list of scripts, run:
npm error   npm run
npm error A complete log of this run can be found in: C:\Users\User\AppData\Local\npm-cache\_logs\2025-12-28T22_31_12_039Z-debug-0.log
PS C:\Users\User\.cursor\Projects\poker-gto-trainer> npm run dev

> poker-gto-trainer@0.1.0 dev
> cross-env NEXT_TELEMETRY_DISABLED=1 next dev

▲ Next.js 16.1.1 (Turbopack)
- Local:         http://localhost:3000
- Network:       http://192.168.1.22:3000
- Environments: .env.local

✓ Starting...
✓ Ready in 1668ms


[Clerk]: You are running in keyless mode.
You can claim your keys by visiting https://dashboard.clerk.com/apps/claim?token=agod008gp3vbaz81hcprmyectfu521ui7gjskzkx&return_url=http%3A%2F%2Flocalhost%3A3000%2F

 GET / 200 in 3.5s (compile: 1548ms, proxy.ts: 240ms, render: 1691ms)
 POST / 200 in 40ms (compile: 7ms, proxy.ts: 12ms, render: 21ms)
 GET / 200 in 137ms (compile: 6ms, proxy.ts: 57ms, render: 74ms)
 POST / 303 in 221ms (compile: 10ms, proxy.ts: 8ms, render: 203ms)
 GET / 200 in 51ms (compile: 7ms, proxy.ts: 17ms, render: 28ms)
 GET /game 200 in 710ms (compile: 673ms, proxy.ts: 12ms, render: 25ms)
 GET /game 200 in 217ms (compile: 5ms, proxy.ts: 12ms, render: 199ms)
 POST /game 200 in 38ms (compile: 8ms, proxy.ts: 16ms, render: 14ms)
 POST /game 200 in 67ms (compile: 10ms, proxy.ts: 15ms, render: 41ms)
 POST /game 200 in 68ms (compile: 4ms, proxy.ts: 24ms, render: 40ms)
 GET / 200 in 48ms (compile: 9ms, proxy.ts: 17ms, render: 22ms)
 GET / 200 in 78ms (compile: 6ms, proxy.ts: 16ms, render: 55ms)
 GET / 200 in 250ms (compile: 126ms, proxy.ts: 16ms, render: 108ms)
 GET / 200 in 48ms (compile: 9ms, proxy.ts: 17ms, render: 22ms)
 GET / 200 in 78ms (compile: 6ms, proxy.ts: 16ms, render: 55ms)
 GET / 200 in 250ms (compile: 126ms, proxy.ts: 16ms, render: 108ms)
 GET / 200 in 53ms (compile: 6ms, proxy.ts: 10ms, render: 38ms)
✓ Compiled in 223ms
 GET / 200 in 436ms (compile: 177ms, proxy.ts: 13ms, render: 246ms)
 GET / 200 in 143ms (compile: 18ms, proxy.ts: 41ms, render: 85ms)
 GET / 200 in 243ms (compile: 7ms, proxy.ts: 15ms, render: 221ms)
 POST / 200 in 29ms (compile: 5ms, proxy.ts: 13ms, render: 12ms)
 POST / 200 in 46ms (compile: 5ms, proxy.ts: 11ms, render: 29ms)
PS C:\Users\User\.cursor\Projects\poker-gto-trainer> npm run dev

> poker-gto-trainer@0.1.0 dev
> cross-env NEXT_TELEMETRY_DISABLED=1 next dev

▲ Next.js 16.1.1 (Turbopack)
- Local:         http://localhost:3000
- Network:       http://192.168.1.22:3000
- Environments: .env.local

✓ Starting...
✓ Ready in 1416ms


[Clerk]: You are running in keyless mode.
You can claim your keys by visiting https://dashboard.clerk.com/apps/claim?token=agod008gp3vbaz81hcprmyectfu521ui7gjskzkx&return_url=http%3A%2F%2Flocalhost%3A3000%2F

 GET / 200 in 896ms (compile: 221ms, proxy.ts: 301ms, render: 374ms)
 POST / 200 in 44ms (compile: 7ms, proxy.ts: 20ms, render: 17ms)
 POST / 200 in 47ms (compile: 7ms, proxy.ts: 16ms, render: 23ms)
  Reload env: .env.local
✓ Compiled in 891ms
PS C:\Users\User\.cursor\Projects\poker-gto-trainer> 
                                                     npm run dev

> poker-gto-trainer@0.1.0 dev
> cross-env NEXT_TELEMETRY_DISABLED=1 next dev

▲ Next.js 16.1.1 (Turbopack)
- Local:         http://localhost:3000
- Network:       http://192.168.1.22:3000
- Environments: .env.local

✓ Starting...
✓ Ready in 1479ms
 GET / 200 in 1390ms (compile: 762ms, proxy.ts: 320ms, render: 309ms)
 POST / 200 in 38ms (compile: 7ms, proxy.ts: 14ms, render: 18ms)
PS C:\Users\User\.cursor\Projects\poker-gto-trainer> 
                                                     ^C
PS C:\Users\User\.cursor\Projects\poker-gto-trainer>